Archive member included to satisfy reference by file (symbol)

c:/program files (x86)/atmel/studio/7.0/toolchain/avr8/avr8-gnu-toolchain/bin/../lib/gcc/avr/5.4.0/../../../../avr/lib/avr5\libm.a(fixunssfsi.o)
                              APP/main.o (__fixunssfsi)
c:/program files (x86)/atmel/studio/7.0/toolchain/avr8/avr8-gnu-toolchain/bin/../lib/gcc/avr/5.4.0/../../../../avr/lib/avr5\libm.a(floatsisf.o)
                              APP/main.o (__floatunsisf)
c:/program files (x86)/atmel/studio/7.0/toolchain/avr8/avr8-gnu-toolchain/bin/../lib/gcc/avr/5.4.0/../../../../avr/lib/avr5\libm.a(fp_split3.o)
                              c:/program files (x86)/atmel/studio/7.0/toolchain/avr8/avr8-gnu-toolchain/bin/../lib/gcc/avr/5.4.0/../../../../avr/lib/avr5\libm.a(fixunssfsi.o) (__fp_splitA)
c:/program files (x86)/atmel/studio/7.0/toolchain/avr8/avr8-gnu-toolchain/bin/../lib/gcc/avr/5.4.0/../../../../avr/lib/avr5\libm.a(fp_zero.o)
                              c:/program files (x86)/atmel/studio/7.0/toolchain/avr8/avr8-gnu-toolchain/bin/../lib/gcc/avr/5.4.0/../../../../avr/lib/avr5\libm.a(fixunssfsi.o) (__fp_zero)
c:/program files (x86)/atmel/studio/7.0/toolchain/avr8/avr8-gnu-toolchain/bin/../lib/gcc/avr/5.4.0/../../../../avr/lib/avr5\libm.a(mulsf3.o)
                              APP/main.o (__mulsf3)
c:/program files (x86)/atmel/studio/7.0/toolchain/avr8/avr8-gnu-toolchain/bin/../lib/gcc/avr/5.4.0/../../../../avr/lib/avr5\libm.a(mulsf3x.o)
                              c:/program files (x86)/atmel/studio/7.0/toolchain/avr8/avr8-gnu-toolchain/bin/../lib/gcc/avr/5.4.0/../../../../avr/lib/avr5\libm.a(mulsf3.o) (__mulsf3x)
c:/program files (x86)/atmel/studio/7.0/toolchain/avr8/avr8-gnu-toolchain/bin/../lib/gcc/avr/5.4.0/../../../../avr/lib/avr5\libm.a(fp_inf.o)
                              c:/program files (x86)/atmel/studio/7.0/toolchain/avr8/avr8-gnu-toolchain/bin/../lib/gcc/avr/5.4.0/../../../../avr/lib/avr5\libm.a(mulsf3x.o) (__fp_inf)
c:/program files (x86)/atmel/studio/7.0/toolchain/avr8/avr8-gnu-toolchain/bin/../lib/gcc/avr/5.4.0/../../../../avr/lib/avr5\libm.a(fp_nan.o)
                              c:/program files (x86)/atmel/studio/7.0/toolchain/avr8/avr8-gnu-toolchain/bin/../lib/gcc/avr/5.4.0/../../../../avr/lib/avr5\libm.a(mulsf3x.o) (__fp_nan)
c:/program files (x86)/atmel/studio/7.0/toolchain/avr8/avr8-gnu-toolchain/bin/../lib/gcc/avr/5.4.0/../../../../avr/lib/avr5\libm.a(fp_pscA.o)
                              c:/program files (x86)/atmel/studio/7.0/toolchain/avr8/avr8-gnu-toolchain/bin/../lib/gcc/avr/5.4.0/../../../../avr/lib/avr5\libm.a(mulsf3x.o) (__fp_pscA)
c:/program files (x86)/atmel/studio/7.0/toolchain/avr8/avr8-gnu-toolchain/bin/../lib/gcc/avr/5.4.0/../../../../avr/lib/avr5\libm.a(fp_pscB.o)
                              c:/program files (x86)/atmel/studio/7.0/toolchain/avr8/avr8-gnu-toolchain/bin/../lib/gcc/avr/5.4.0/../../../../avr/lib/avr5\libm.a(mulsf3x.o) (__fp_pscB)
c:/program files (x86)/atmel/studio/7.0/toolchain/avr8/avr8-gnu-toolchain/bin/../lib/gcc/avr/5.4.0/../../../../avr/lib/avr5\libm.a(fp_round.o)
                              c:/program files (x86)/atmel/studio/7.0/toolchain/avr8/avr8-gnu-toolchain/bin/../lib/gcc/avr/5.4.0/../../../../avr/lib/avr5\libm.a(mulsf3.o) (__fp_round)
c:/program files (x86)/atmel/studio/7.0/toolchain/avr8/avr8-gnu-toolchain/bin/../lib/gcc/avr/5.4.0/avr5\libgcc.a(_udivmodsi4.o)
                              HAL/LCD/sources/Lcd.o (__udivmodsi4)
c:/program files (x86)/atmel/studio/7.0/toolchain/avr8/avr8-gnu-toolchain/bin/../lib/gcc/avr/5.4.0/avr5\libgcc.a(_divmodsi4.o)
                              HAL/LCD/sources/Lcd.o (__divmodsi4)
c:/program files (x86)/atmel/studio/7.0/toolchain/avr8/avr8-gnu-toolchain/bin/../lib/gcc/avr/5.4.0/avr5\libgcc.a(_negsi2.o)
                              c:/program files (x86)/atmel/studio/7.0/toolchain/avr8/avr8-gnu-toolchain/bin/../lib/gcc/avr/5.4.0/avr5\libgcc.a(_divmodsi4.o) (__negsi2)
c:/program files (x86)/atmel/studio/7.0/toolchain/avr8/avr8-gnu-toolchain/bin/../lib/gcc/avr/5.4.0/avr5\libgcc.a(_exit.o)
                              C:/Program Files (x86)/Atmel/Studio/7.0/Packs/atmel/ATmega_DFP/1.7.374/gcc/dev/atmega32a/avr5/crtatmega32a.o (exit)
c:/program files (x86)/atmel/studio/7.0/toolchain/avr8/avr8-gnu-toolchain/bin/../lib/gcc/avr/5.4.0/avr5\libgcc.a(_copy_data.o)
                              APP/main.o (__do_copy_data)
c:/program files (x86)/atmel/studio/7.0/toolchain/avr8/avr8-gnu-toolchain/bin/../lib/gcc/avr/5.4.0/avr5\libgcc.a(_clear_bss.o)
                              APP/main.o (__do_clear_bss)
c:/program files (x86)/atmel/studio/7.0/toolchain/avr8/avr8-gnu-toolchain/bin/../lib/gcc/avr/5.4.0/../../../../avr/lib/avr5\libc.a(memcpy.o)
                              SERVICES/Rtos/queue.o (memcpy)
c:/program files (x86)/atmel/studio/7.0/toolchain/avr8/avr8-gnu-toolchain/bin/../lib/gcc/avr/5.4.0/../../../../avr/lib/avr5\libc.a(memset.o)
                              SERVICES/Rtos/tasks.o (memset)
c:/program files (x86)/atmel/studio/7.0/toolchain/avr8/avr8-gnu-toolchain/bin/../lib/gcc/avr/5.4.0/../../../../avr/lib/avr5\libc.a(strncpy.o)
                              SERVICES/Rtos/tasks.o (strncpy)

Discarded input sections

 .data          0x00000000        0x0 C:/Program Files (x86)/Atmel/Studio/7.0/Packs/atmel/ATmega_DFP/1.7.374/gcc/dev/atmega32a/avr5/crtatmega32a.o
 .bss           0x00000000        0x0 C:/Program Files (x86)/Atmel/Studio/7.0/Packs/atmel/ATmega_DFP/1.7.374/gcc/dev/atmega32a/avr5/crtatmega32a.o
 .text          0x00000000        0x0 APP/main.o
 .data          0x00000000        0x0 APP/main.o
 .bss           0x00000000        0x0 APP/main.o
 .text          0x00000000        0x0 HAL/KEYPAD/sources/Keypad.o
 .data          0x00000000        0x0 HAL/KEYPAD/sources/Keypad.o
 .bss           0x00000000        0x0 HAL/KEYPAD/sources/Keypad.o
 .text          0x00000000        0x0 HAL/LCD/sources/Lcd.o
 .data          0x00000000        0x0 HAL/LCD/sources/Lcd.o
 .bss           0x00000000        0x0 HAL/LCD/sources/Lcd.o
 .text.LCD_vidSendCommand
                0x00000000       0xc0 HAL/LCD/sources/Lcd.o
 .text.LCD_vidInit
                0x00000000       0x44 HAL/LCD/sources/Lcd.o
 .text.LCD_vidDisplayCharacter
                0x00000000       0xc0 HAL/LCD/sources/Lcd.o
 .text.LCD_vidCreateCustomCharacter
                0x00000000       0x4c HAL/LCD/sources/Lcd.o
 .text.LCD_vidGoToXY
                0x00000000       0x38 HAL/LCD/sources/Lcd.o
 .text.LCD_vidDisplayString
                0x00000000       0x26 HAL/LCD/sources/Lcd.o
 .text.LCD_vidDisplayNumber
                0x00000000       0xde HAL/LCD/sources/Lcd.o
 .text.LCD_vidClrDisplay
                0x00000000       0x26 HAL/LCD/sources/Lcd.o
 .text          0x00000000        0x0 HAL/LCD/sources/Lcd_cfg.o
 .data          0x00000000        0x0 HAL/LCD/sources/Lcd_cfg.o
 .bss           0x00000000        0x0 HAL/LCD/sources/Lcd_cfg.o
 .text          0x00000000        0x0 MCAL/ADC/sources/Adc.o
 .data          0x00000000        0x0 MCAL/ADC/sources/Adc.o
 .bss           0x00000000        0x0 MCAL/ADC/sources/Adc.o
 .text.ADC_enum_readValuePolling
                0x00000000       0x42 MCAL/ADC/sources/Adc.o
 .text.ADC_voidDisable
                0x00000000        0x6 MCAL/ADC/sources/Adc.o
 .text          0x00000000        0x0 MCAL/DIO/sources/Dio.o
 .data          0x00000000        0x0 MCAL/DIO/sources/Dio.o
 .bss           0x00000000        0x0 MCAL/DIO/sources/Dio.o
 .text.DIO_enu_WritePort
                0x00000000       0x34 MCAL/DIO/sources/Dio.o
 .text.DIO_enu_ReadPort
                0x00000000       0x4e MCAL/DIO/sources/Dio.o
 .text.DIO_enu_FlipChannel
                0x00000000       0x88 MCAL/DIO/sources/Dio.o
 .text.DIO_enu_FlipPort
                0x00000000       0x44 MCAL/DIO/sources/Dio.o
 .text          0x00000000        0x0 MCAL/PORT/sources/PORT.o
 .data          0x00000000        0x0 MCAL/PORT/sources/PORT.o
 .bss           0x00000000        0x0 MCAL/PORT/sources/PORT.o
 .text.PORT_enu_SetPinDirection
                0x00000000      0x10e MCAL/PORT/sources/PORT.o
 .text.PORT_enu_SetPinMode
                0x00000000      0x282 MCAL/PORT/sources/PORT.o
 .text          0x00000000        0x0 SERVICES/Rtos/croutine.o
 .data          0x00000000        0x0 SERVICES/Rtos/croutine.o
 .bss           0x00000000        0x0 SERVICES/Rtos/croutine.o
 .text.prvInitialiseCoRoutineLists
                0x00000000       0x5e SERVICES/Rtos/croutine.o
 .text.prvCheckPendingReadyList
                0x00000000       0x6c SERVICES/Rtos/croutine.o
 .text.prvCheckDelayedList
                0x00000000      0x106 SERVICES/Rtos/croutine.o
 .text.xCoRoutineCreate
                0x00000000       0xba SERVICES/Rtos/croutine.o
 .text.vCoRoutineAddToDelayedList
                0x00000000       0x86 SERVICES/Rtos/croutine.o
 .text.vCoRoutineSchedule
                0x00000000       0xb0 SERVICES/Rtos/croutine.o
 .text.xCoRoutineRemoveFromEventList
                0x00000000       0x4c SERVICES/Rtos/croutine.o
 .bss.xPassedTicks
                0x00000000        0x2 SERVICES/Rtos/croutine.o
 .bss.xLastTickCount
                0x00000000        0x2 SERVICES/Rtos/croutine.o
 .bss.xCoRoutineTickCount
                0x00000000        0x2 SERVICES/Rtos/croutine.o
 .bss.uxTopCoRoutineReadyPriority
                0x00000000        0x1 SERVICES/Rtos/croutine.o
 .bss.pxCurrentCoRoutine
                0x00000000        0x2 SERVICES/Rtos/croutine.o
 .bss.xPendingReadyCoRoutineList
                0x00000000        0x9 SERVICES/Rtos/croutine.o
 .bss.pxOverflowDelayedCoRoutineList
                0x00000000        0x2 SERVICES/Rtos/croutine.o
 .bss.pxDelayedCoRoutineList
                0x00000000        0x2 SERVICES/Rtos/croutine.o
 .bss.xDelayedCoRoutineList2
                0x00000000        0x9 SERVICES/Rtos/croutine.o
 .bss.xDelayedCoRoutineList1
                0x00000000        0x9 SERVICES/Rtos/croutine.o
 .bss.pxReadyCoRoutineLists
                0x00000000       0x12 SERVICES/Rtos/croutine.o
 .debug_info    0x00000000      0x71c SERVICES/Rtos/croutine.o
 .debug_abbrev  0x00000000      0x205 SERVICES/Rtos/croutine.o
 .debug_loc     0x00000000      0x3f0 SERVICES/Rtos/croutine.o
 .debug_aranges
                0x00000000       0x50 SERVICES/Rtos/croutine.o
 .debug_ranges  0x00000000       0x40 SERVICES/Rtos/croutine.o
 .debug_line    0x00000000      0x34f SERVICES/Rtos/croutine.o
 .debug_str     0x00000000      0x524 SERVICES/Rtos/croutine.o
 .comment       0x00000000       0x31 SERVICES/Rtos/croutine.o
 .debug_frame   0x00000000      0x100 SERVICES/Rtos/croutine.o
 .text          0x00000000        0x0 SERVICES/Rtos/heap_1.o
 .data          0x00000000        0x0 SERVICES/Rtos/heap_1.o
 .bss           0x00000000        0x0 SERVICES/Rtos/heap_1.o
 .text.vPortInitialiseBlocks
                0x00000000        0xa SERVICES/Rtos/heap_1.o
 .text.xPortGetFreeHeapSize
                0x00000000       0x12 SERVICES/Rtos/heap_1.o
 .text          0x00000000        0x0 SERVICES/Rtos/list.o
 .data          0x00000000        0x0 SERVICES/Rtos/list.o
 .bss           0x00000000        0x0 SERVICES/Rtos/list.o
 .text          0x00000000        0x0 SERVICES/Rtos/port.o
 .data          0x00000000        0x0 SERVICES/Rtos/port.o
 .bss           0x00000000        0x0 SERVICES/Rtos/port.o
 .text.vPortEndScheduler
                0x00000000        0x2 SERVICES/Rtos/port.o
 .text.vPortYieldFromTick
                0x00000000       0xb6 SERVICES/Rtos/port.o
 .text          0x00000000        0x0 SERVICES/Rtos/queue.o
 .data          0x00000000        0x0 SERVICES/Rtos/queue.o
 .bss           0x00000000        0x0 SERVICES/Rtos/queue.o
 .text.xQueueGenericSendFromISR
                0x00000000       0x58 SERVICES/Rtos/queue.o
 .text.xQueueReceiveFromISR
                0x00000000       0x5a SERVICES/Rtos/queue.o
 .text.uxQueueMessagesWaiting
                0x00000000       0x10 SERVICES/Rtos/queue.o
 .text.uxQueueMessagesWaitingFromISR
                0x00000000        0x6 SERVICES/Rtos/queue.o
 .text.vQueueDelete
                0x00000000       0x1a SERVICES/Rtos/queue.o
 .text.xQueueIsQueueEmptyFromISR
                0x00000000        0xc SERVICES/Rtos/queue.o
 .text.xQueueIsQueueFullFromISR
                0x00000000        0xe SERVICES/Rtos/queue.o
 .text          0x00000000        0x0 SERVICES/Rtos/tasks.o
 .data          0x00000000        0x0 SERVICES/Rtos/tasks.o
 .bss           0x00000000        0x0 SERVICES/Rtos/tasks.o
 .text.vTaskEndScheduler
                0x00000000        0xc SERVICES/Rtos/tasks.o
 .text.xTaskGetTickCount
                0x00000000       0x14 SERVICES/Rtos/tasks.o
 .text.xTaskGetTickCountFromISR
                0x00000000        0xa SERVICES/Rtos/tasks.o
 .text.uxTaskGetNumberOfTasks
                0x00000000        0x6 SERVICES/Rtos/tasks.o
 .text.vTaskDelayUntil
                0x00000000       0x9a SERVICES/Rtos/tasks.o
 .text          0x00000000        0x0 SERVICES/Rtos/timers.o
 .data          0x00000000        0x0 SERVICES/Rtos/timers.o
 .bss           0x00000000        0x0 SERVICES/Rtos/timers.o
 .debug_info    0x00000000       0x6b SERVICES/Rtos/timers.o
 .debug_abbrev  0x00000000       0x26 SERVICES/Rtos/timers.o
 .debug_aranges
                0x00000000       0x18 SERVICES/Rtos/timers.o
 .debug_line    0x00000000       0x1a SERVICES/Rtos/timers.o
 .debug_str     0x00000000      0x17a SERVICES/Rtos/timers.o
 .comment       0x00000000       0x31 SERVICES/Rtos/timers.o
 .text          0x00000000        0x0 c:/program files (x86)/atmel/studio/7.0/toolchain/avr8/avr8-gnu-toolchain/bin/../lib/gcc/avr/5.4.0/../../../../avr/lib/avr5\libm.a(fixunssfsi.o)
 .data          0x00000000        0x0 c:/program files (x86)/atmel/studio/7.0/toolchain/avr8/avr8-gnu-toolchain/bin/../lib/gcc/avr/5.4.0/../../../../avr/lib/avr5\libm.a(fixunssfsi.o)
 .bss           0x00000000        0x0 c:/program files (x86)/atmel/studio/7.0/toolchain/avr8/avr8-gnu-toolchain/bin/../lib/gcc/avr/5.4.0/../../../../avr/lib/avr5\libm.a(fixunssfsi.o)
 .text          0x00000000        0x0 c:/program files (x86)/atmel/studio/7.0/toolchain/avr8/avr8-gnu-toolchain/bin/../lib/gcc/avr/5.4.0/../../../../avr/lib/avr5\libm.a(floatsisf.o)
 .data          0x00000000        0x0 c:/program files (x86)/atmel/studio/7.0/toolchain/avr8/avr8-gnu-toolchain/bin/../lib/gcc/avr/5.4.0/../../../../avr/lib/avr5\libm.a(floatsisf.o)
 .bss           0x00000000        0x0 c:/program files (x86)/atmel/studio/7.0/toolchain/avr8/avr8-gnu-toolchain/bin/../lib/gcc/avr/5.4.0/../../../../avr/lib/avr5\libm.a(floatsisf.o)
 .text          0x00000000        0x0 c:/program files (x86)/atmel/studio/7.0/toolchain/avr8/avr8-gnu-toolchain/bin/../lib/gcc/avr/5.4.0/../../../../avr/lib/avr5\libm.a(fp_split3.o)
 .data          0x00000000        0x0 c:/program files (x86)/atmel/studio/7.0/toolchain/avr8/avr8-gnu-toolchain/bin/../lib/gcc/avr/5.4.0/../../../../avr/lib/avr5\libm.a(fp_split3.o)
 .bss           0x00000000        0x0 c:/program files (x86)/atmel/studio/7.0/toolchain/avr8/avr8-gnu-toolchain/bin/../lib/gcc/avr/5.4.0/../../../../avr/lib/avr5\libm.a(fp_split3.o)
 .text          0x00000000        0x0 c:/program files (x86)/atmel/studio/7.0/toolchain/avr8/avr8-gnu-toolchain/bin/../lib/gcc/avr/5.4.0/../../../../avr/lib/avr5\libm.a(fp_zero.o)
 .data          0x00000000        0x0 c:/program files (x86)/atmel/studio/7.0/toolchain/avr8/avr8-gnu-toolchain/bin/../lib/gcc/avr/5.4.0/../../../../avr/lib/avr5\libm.a(fp_zero.o)
 .bss           0x00000000        0x0 c:/program files (x86)/atmel/studio/7.0/toolchain/avr8/avr8-gnu-toolchain/bin/../lib/gcc/avr/5.4.0/../../../../avr/lib/avr5\libm.a(fp_zero.o)
 .text          0x00000000        0x0 c:/program files (x86)/atmel/studio/7.0/toolchain/avr8/avr8-gnu-toolchain/bin/../lib/gcc/avr/5.4.0/../../../../avr/lib/avr5\libm.a(mulsf3.o)
 .data          0x00000000        0x0 c:/program files (x86)/atmel/studio/7.0/toolchain/avr8/avr8-gnu-toolchain/bin/../lib/gcc/avr/5.4.0/../../../../avr/lib/avr5\libm.a(mulsf3.o)
 .bss           0x00000000        0x0 c:/program files (x86)/atmel/studio/7.0/toolchain/avr8/avr8-gnu-toolchain/bin/../lib/gcc/avr/5.4.0/../../../../avr/lib/avr5\libm.a(mulsf3.o)
 .text          0x00000000        0x0 c:/program files (x86)/atmel/studio/7.0/toolchain/avr8/avr8-gnu-toolchain/bin/../lib/gcc/avr/5.4.0/../../../../avr/lib/avr5\libm.a(mulsf3x.o)
 .data          0x00000000        0x0 c:/program files (x86)/atmel/studio/7.0/toolchain/avr8/avr8-gnu-toolchain/bin/../lib/gcc/avr/5.4.0/../../../../avr/lib/avr5\libm.a(mulsf3x.o)
 .bss           0x00000000        0x0 c:/program files (x86)/atmel/studio/7.0/toolchain/avr8/avr8-gnu-toolchain/bin/../lib/gcc/avr/5.4.0/../../../../avr/lib/avr5\libm.a(mulsf3x.o)
 .text          0x00000000        0x0 c:/program files (x86)/atmel/studio/7.0/toolchain/avr8/avr8-gnu-toolchain/bin/../lib/gcc/avr/5.4.0/../../../../avr/lib/avr5\libm.a(fp_inf.o)
 .data          0x00000000        0x0 c:/program files (x86)/atmel/studio/7.0/toolchain/avr8/avr8-gnu-toolchain/bin/../lib/gcc/avr/5.4.0/../../../../avr/lib/avr5\libm.a(fp_inf.o)
 .bss           0x00000000        0x0 c:/program files (x86)/atmel/studio/7.0/toolchain/avr8/avr8-gnu-toolchain/bin/../lib/gcc/avr/5.4.0/../../../../avr/lib/avr5\libm.a(fp_inf.o)
 .text          0x00000000        0x0 c:/program files (x86)/atmel/studio/7.0/toolchain/avr8/avr8-gnu-toolchain/bin/../lib/gcc/avr/5.4.0/../../../../avr/lib/avr5\libm.a(fp_nan.o)
 .data          0x00000000        0x0 c:/program files (x86)/atmel/studio/7.0/toolchain/avr8/avr8-gnu-toolchain/bin/../lib/gcc/avr/5.4.0/../../../../avr/lib/avr5\libm.a(fp_nan.o)
 .bss           0x00000000        0x0 c:/program files (x86)/atmel/studio/7.0/toolchain/avr8/avr8-gnu-toolchain/bin/../lib/gcc/avr/5.4.0/../../../../avr/lib/avr5\libm.a(fp_nan.o)
 .text          0x00000000        0x0 c:/program files (x86)/atmel/studio/7.0/toolchain/avr8/avr8-gnu-toolchain/bin/../lib/gcc/avr/5.4.0/../../../../avr/lib/avr5\libm.a(fp_pscA.o)
 .data          0x00000000        0x0 c:/program files (x86)/atmel/studio/7.0/toolchain/avr8/avr8-gnu-toolchain/bin/../lib/gcc/avr/5.4.0/../../../../avr/lib/avr5\libm.a(fp_pscA.o)
 .bss           0x00000000        0x0 c:/program files (x86)/atmel/studio/7.0/toolchain/avr8/avr8-gnu-toolchain/bin/../lib/gcc/avr/5.4.0/../../../../avr/lib/avr5\libm.a(fp_pscA.o)
 .text          0x00000000        0x0 c:/program files (x86)/atmel/studio/7.0/toolchain/avr8/avr8-gnu-toolchain/bin/../lib/gcc/avr/5.4.0/../../../../avr/lib/avr5\libm.a(fp_pscB.o)
 .data          0x00000000        0x0 c:/program files (x86)/atmel/studio/7.0/toolchain/avr8/avr8-gnu-toolchain/bin/../lib/gcc/avr/5.4.0/../../../../avr/lib/avr5\libm.a(fp_pscB.o)
 .bss           0x00000000        0x0 c:/program files (x86)/atmel/studio/7.0/toolchain/avr8/avr8-gnu-toolchain/bin/../lib/gcc/avr/5.4.0/../../../../avr/lib/avr5\libm.a(fp_pscB.o)
 .text          0x00000000        0x0 c:/program files (x86)/atmel/studio/7.0/toolchain/avr8/avr8-gnu-toolchain/bin/../lib/gcc/avr/5.4.0/../../../../avr/lib/avr5\libm.a(fp_round.o)
 .data          0x00000000        0x0 c:/program files (x86)/atmel/studio/7.0/toolchain/avr8/avr8-gnu-toolchain/bin/../lib/gcc/avr/5.4.0/../../../../avr/lib/avr5\libm.a(fp_round.o)
 .bss           0x00000000        0x0 c:/program files (x86)/atmel/studio/7.0/toolchain/avr8/avr8-gnu-toolchain/bin/../lib/gcc/avr/5.4.0/../../../../avr/lib/avr5\libm.a(fp_round.o)
 .text          0x00000000        0x0 c:/program files (x86)/atmel/studio/7.0/toolchain/avr8/avr8-gnu-toolchain/bin/../lib/gcc/avr/5.4.0/avr5\libgcc.a(_udivmodsi4.o)
 .data          0x00000000        0x0 c:/program files (x86)/atmel/studio/7.0/toolchain/avr8/avr8-gnu-toolchain/bin/../lib/gcc/avr/5.4.0/avr5\libgcc.a(_udivmodsi4.o)
 .bss           0x00000000        0x0 c:/program files (x86)/atmel/studio/7.0/toolchain/avr8/avr8-gnu-toolchain/bin/../lib/gcc/avr/5.4.0/avr5\libgcc.a(_udivmodsi4.o)
 .text.libgcc.mul
                0x00000000        0x0 c:/program files (x86)/atmel/studio/7.0/toolchain/avr8/avr8-gnu-toolchain/bin/../lib/gcc/avr/5.4.0/avr5\libgcc.a(_udivmodsi4.o)
 .text.libgcc   0x00000000        0x0 c:/program files (x86)/atmel/studio/7.0/toolchain/avr8/avr8-gnu-toolchain/bin/../lib/gcc/avr/5.4.0/avr5\libgcc.a(_udivmodsi4.o)
 .text.libgcc.prologue
                0x00000000        0x0 c:/program files (x86)/atmel/studio/7.0/toolchain/avr8/avr8-gnu-toolchain/bin/../lib/gcc/avr/5.4.0/avr5\libgcc.a(_udivmodsi4.o)
 .text.libgcc.builtins
                0x00000000        0x0 c:/program files (x86)/atmel/studio/7.0/toolchain/avr8/avr8-gnu-toolchain/bin/../lib/gcc/avr/5.4.0/avr5\libgcc.a(_udivmodsi4.o)
 .text.libgcc.fmul
                0x00000000        0x0 c:/program files (x86)/atmel/studio/7.0/toolchain/avr8/avr8-gnu-toolchain/bin/../lib/gcc/avr/5.4.0/avr5\libgcc.a(_udivmodsi4.o)
 .text.libgcc.fixed
                0x00000000        0x0 c:/program files (x86)/atmel/studio/7.0/toolchain/avr8/avr8-gnu-toolchain/bin/../lib/gcc/avr/5.4.0/avr5\libgcc.a(_udivmodsi4.o)
 .text          0x00000000        0x0 c:/program files (x86)/atmel/studio/7.0/toolchain/avr8/avr8-gnu-toolchain/bin/../lib/gcc/avr/5.4.0/avr5\libgcc.a(_divmodsi4.o)
 .data          0x00000000        0x0 c:/program files (x86)/atmel/studio/7.0/toolchain/avr8/avr8-gnu-toolchain/bin/../lib/gcc/avr/5.4.0/avr5\libgcc.a(_divmodsi4.o)
 .bss           0x00000000        0x0 c:/program files (x86)/atmel/studio/7.0/toolchain/avr8/avr8-gnu-toolchain/bin/../lib/gcc/avr/5.4.0/avr5\libgcc.a(_divmodsi4.o)
 .text.libgcc.mul
                0x00000000        0x0 c:/program files (x86)/atmel/studio/7.0/toolchain/avr8/avr8-gnu-toolchain/bin/../lib/gcc/avr/5.4.0/avr5\libgcc.a(_divmodsi4.o)
 .text.libgcc   0x00000000        0x0 c:/program files (x86)/atmel/studio/7.0/toolchain/avr8/avr8-gnu-toolchain/bin/../lib/gcc/avr/5.4.0/avr5\libgcc.a(_divmodsi4.o)
 .text.libgcc.prologue
                0x00000000        0x0 c:/program files (x86)/atmel/studio/7.0/toolchain/avr8/avr8-gnu-toolchain/bin/../lib/gcc/avr/5.4.0/avr5\libgcc.a(_divmodsi4.o)
 .text.libgcc.builtins
                0x00000000        0x0 c:/program files (x86)/atmel/studio/7.0/toolchain/avr8/avr8-gnu-toolchain/bin/../lib/gcc/avr/5.4.0/avr5\libgcc.a(_divmodsi4.o)
 .text.libgcc.fmul
                0x00000000        0x0 c:/program files (x86)/atmel/studio/7.0/toolchain/avr8/avr8-gnu-toolchain/bin/../lib/gcc/avr/5.4.0/avr5\libgcc.a(_divmodsi4.o)
 .text.libgcc.fixed
                0x00000000        0x0 c:/program files (x86)/atmel/studio/7.0/toolchain/avr8/avr8-gnu-toolchain/bin/../lib/gcc/avr/5.4.0/avr5\libgcc.a(_divmodsi4.o)
 .text          0x00000000        0x0 c:/program files (x86)/atmel/studio/7.0/toolchain/avr8/avr8-gnu-toolchain/bin/../lib/gcc/avr/5.4.0/avr5\libgcc.a(_negsi2.o)
 .data          0x00000000        0x0 c:/program files (x86)/atmel/studio/7.0/toolchain/avr8/avr8-gnu-toolchain/bin/../lib/gcc/avr/5.4.0/avr5\libgcc.a(_negsi2.o)
 .bss           0x00000000        0x0 c:/program files (x86)/atmel/studio/7.0/toolchain/avr8/avr8-gnu-toolchain/bin/../lib/gcc/avr/5.4.0/avr5\libgcc.a(_negsi2.o)
 .text.libgcc.mul
                0x00000000        0x0 c:/program files (x86)/atmel/studio/7.0/toolchain/avr8/avr8-gnu-toolchain/bin/../lib/gcc/avr/5.4.0/avr5\libgcc.a(_negsi2.o)
 .text.libgcc   0x00000000        0x0 c:/program files (x86)/atmel/studio/7.0/toolchain/avr8/avr8-gnu-toolchain/bin/../lib/gcc/avr/5.4.0/avr5\libgcc.a(_negsi2.o)
 .text.libgcc.prologue
                0x00000000        0x0 c:/program files (x86)/atmel/studio/7.0/toolchain/avr8/avr8-gnu-toolchain/bin/../lib/gcc/avr/5.4.0/avr5\libgcc.a(_negsi2.o)
 .text.libgcc.builtins
                0x00000000        0x0 c:/program files (x86)/atmel/studio/7.0/toolchain/avr8/avr8-gnu-toolchain/bin/../lib/gcc/avr/5.4.0/avr5\libgcc.a(_negsi2.o)
 .text.libgcc.fmul
                0x00000000        0x0 c:/program files (x86)/atmel/studio/7.0/toolchain/avr8/avr8-gnu-toolchain/bin/../lib/gcc/avr/5.4.0/avr5\libgcc.a(_negsi2.o)
 .text.libgcc.fixed
                0x00000000        0x0 c:/program files (x86)/atmel/studio/7.0/toolchain/avr8/avr8-gnu-toolchain/bin/../lib/gcc/avr/5.4.0/avr5\libgcc.a(_negsi2.o)
 .text          0x00000000        0x0 c:/program files (x86)/atmel/studio/7.0/toolchain/avr8/avr8-gnu-toolchain/bin/../lib/gcc/avr/5.4.0/avr5\libgcc.a(_exit.o)
 .data          0x00000000        0x0 c:/program files (x86)/atmel/studio/7.0/toolchain/avr8/avr8-gnu-toolchain/bin/../lib/gcc/avr/5.4.0/avr5\libgcc.a(_exit.o)
 .bss           0x00000000        0x0 c:/program files (x86)/atmel/studio/7.0/toolchain/avr8/avr8-gnu-toolchain/bin/../lib/gcc/avr/5.4.0/avr5\libgcc.a(_exit.o)
 .text.libgcc.mul
                0x00000000        0x0 c:/program files (x86)/atmel/studio/7.0/toolchain/avr8/avr8-gnu-toolchain/bin/../lib/gcc/avr/5.4.0/avr5\libgcc.a(_exit.o)
 .text.libgcc.div
                0x00000000        0x0 c:/program files (x86)/atmel/studio/7.0/toolchain/avr8/avr8-gnu-toolchain/bin/../lib/gcc/avr/5.4.0/avr5\libgcc.a(_exit.o)
 .text.libgcc   0x00000000        0x0 c:/program files (x86)/atmel/studio/7.0/toolchain/avr8/avr8-gnu-toolchain/bin/../lib/gcc/avr/5.4.0/avr5\libgcc.a(_exit.o)
 .text.libgcc.prologue
                0x00000000        0x0 c:/program files (x86)/atmel/studio/7.0/toolchain/avr8/avr8-gnu-toolchain/bin/../lib/gcc/avr/5.4.0/avr5\libgcc.a(_exit.o)
 .text.libgcc.builtins
                0x00000000        0x0 c:/program files (x86)/atmel/studio/7.0/toolchain/avr8/avr8-gnu-toolchain/bin/../lib/gcc/avr/5.4.0/avr5\libgcc.a(_exit.o)
 .text.libgcc.fmul
                0x00000000        0x0 c:/program files (x86)/atmel/studio/7.0/toolchain/avr8/avr8-gnu-toolchain/bin/../lib/gcc/avr/5.4.0/avr5\libgcc.a(_exit.o)
 .text.libgcc.fixed
                0x00000000        0x0 c:/program files (x86)/atmel/studio/7.0/toolchain/avr8/avr8-gnu-toolchain/bin/../lib/gcc/avr/5.4.0/avr5\libgcc.a(_exit.o)
 .text          0x00000000        0x0 c:/program files (x86)/atmel/studio/7.0/toolchain/avr8/avr8-gnu-toolchain/bin/../lib/gcc/avr/5.4.0/avr5\libgcc.a(_copy_data.o)
 .data          0x00000000        0x0 c:/program files (x86)/atmel/studio/7.0/toolchain/avr8/avr8-gnu-toolchain/bin/../lib/gcc/avr/5.4.0/avr5\libgcc.a(_copy_data.o)
 .bss           0x00000000        0x0 c:/program files (x86)/atmel/studio/7.0/toolchain/avr8/avr8-gnu-toolchain/bin/../lib/gcc/avr/5.4.0/avr5\libgcc.a(_copy_data.o)
 .text.libgcc.mul
                0x00000000        0x0 c:/program files (x86)/atmel/studio/7.0/toolchain/avr8/avr8-gnu-toolchain/bin/../lib/gcc/avr/5.4.0/avr5\libgcc.a(_copy_data.o)
 .text.libgcc.div
                0x00000000        0x0 c:/program files (x86)/atmel/studio/7.0/toolchain/avr8/avr8-gnu-toolchain/bin/../lib/gcc/avr/5.4.0/avr5\libgcc.a(_copy_data.o)
 .text.libgcc   0x00000000        0x0 c:/program files (x86)/atmel/studio/7.0/toolchain/avr8/avr8-gnu-toolchain/bin/../lib/gcc/avr/5.4.0/avr5\libgcc.a(_copy_data.o)
 .text.libgcc.prologue
                0x00000000        0x0 c:/program files (x86)/atmel/studio/7.0/toolchain/avr8/avr8-gnu-toolchain/bin/../lib/gcc/avr/5.4.0/avr5\libgcc.a(_copy_data.o)
 .text.libgcc.builtins
                0x00000000        0x0 c:/program files (x86)/atmel/studio/7.0/toolchain/avr8/avr8-gnu-toolchain/bin/../lib/gcc/avr/5.4.0/avr5\libgcc.a(_copy_data.o)
 .text.libgcc.fmul
                0x00000000        0x0 c:/program files (x86)/atmel/studio/7.0/toolchain/avr8/avr8-gnu-toolchain/bin/../lib/gcc/avr/5.4.0/avr5\libgcc.a(_copy_data.o)
 .text.libgcc.fixed
                0x00000000        0x0 c:/program files (x86)/atmel/studio/7.0/toolchain/avr8/avr8-gnu-toolchain/bin/../lib/gcc/avr/5.4.0/avr5\libgcc.a(_copy_data.o)
 .text          0x00000000        0x0 c:/program files (x86)/atmel/studio/7.0/toolchain/avr8/avr8-gnu-toolchain/bin/../lib/gcc/avr/5.4.0/avr5\libgcc.a(_clear_bss.o)
 .data          0x00000000        0x0 c:/program files (x86)/atmel/studio/7.0/toolchain/avr8/avr8-gnu-toolchain/bin/../lib/gcc/avr/5.4.0/avr5\libgcc.a(_clear_bss.o)
 .bss           0x00000000        0x0 c:/program files (x86)/atmel/studio/7.0/toolchain/avr8/avr8-gnu-toolchain/bin/../lib/gcc/avr/5.4.0/avr5\libgcc.a(_clear_bss.o)
 .text.libgcc.mul
                0x00000000        0x0 c:/program files (x86)/atmel/studio/7.0/toolchain/avr8/avr8-gnu-toolchain/bin/../lib/gcc/avr/5.4.0/avr5\libgcc.a(_clear_bss.o)
 .text.libgcc.div
                0x00000000        0x0 c:/program files (x86)/atmel/studio/7.0/toolchain/avr8/avr8-gnu-toolchain/bin/../lib/gcc/avr/5.4.0/avr5\libgcc.a(_clear_bss.o)
 .text.libgcc   0x00000000        0x0 c:/program files (x86)/atmel/studio/7.0/toolchain/avr8/avr8-gnu-toolchain/bin/../lib/gcc/avr/5.4.0/avr5\libgcc.a(_clear_bss.o)
 .text.libgcc.prologue
                0x00000000        0x0 c:/program files (x86)/atmel/studio/7.0/toolchain/avr8/avr8-gnu-toolchain/bin/../lib/gcc/avr/5.4.0/avr5\libgcc.a(_clear_bss.o)
 .text.libgcc.builtins
                0x00000000        0x0 c:/program files (x86)/atmel/studio/7.0/toolchain/avr8/avr8-gnu-toolchain/bin/../lib/gcc/avr/5.4.0/avr5\libgcc.a(_clear_bss.o)
 .text.libgcc.fmul
                0x00000000        0x0 c:/program files (x86)/atmel/studio/7.0/toolchain/avr8/avr8-gnu-toolchain/bin/../lib/gcc/avr/5.4.0/avr5\libgcc.a(_clear_bss.o)
 .text.libgcc.fixed
                0x00000000        0x0 c:/program files (x86)/atmel/studio/7.0/toolchain/avr8/avr8-gnu-toolchain/bin/../lib/gcc/avr/5.4.0/avr5\libgcc.a(_clear_bss.o)
 .text          0x00000000        0x0 c:/program files (x86)/atmel/studio/7.0/toolchain/avr8/avr8-gnu-toolchain/bin/../lib/gcc/avr/5.4.0/../../../../avr/lib/avr5\libc.a(memcpy.o)
 .data          0x00000000        0x0 c:/program files (x86)/atmel/studio/7.0/toolchain/avr8/avr8-gnu-toolchain/bin/../lib/gcc/avr/5.4.0/../../../../avr/lib/avr5\libc.a(memcpy.o)
 .bss           0x00000000        0x0 c:/program files (x86)/atmel/studio/7.0/toolchain/avr8/avr8-gnu-toolchain/bin/../lib/gcc/avr/5.4.0/../../../../avr/lib/avr5\libc.a(memcpy.o)
 .text          0x00000000        0x0 c:/program files (x86)/atmel/studio/7.0/toolchain/avr8/avr8-gnu-toolchain/bin/../lib/gcc/avr/5.4.0/../../../../avr/lib/avr5\libc.a(memset.o)
 .data          0x00000000        0x0 c:/program files (x86)/atmel/studio/7.0/toolchain/avr8/avr8-gnu-toolchain/bin/../lib/gcc/avr/5.4.0/../../../../avr/lib/avr5\libc.a(memset.o)
 .bss           0x00000000        0x0 c:/program files (x86)/atmel/studio/7.0/toolchain/avr8/avr8-gnu-toolchain/bin/../lib/gcc/avr/5.4.0/../../../../avr/lib/avr5\libc.a(memset.o)
 .text          0x00000000        0x0 c:/program files (x86)/atmel/studio/7.0/toolchain/avr8/avr8-gnu-toolchain/bin/../lib/gcc/avr/5.4.0/../../../../avr/lib/avr5\libc.a(strncpy.o)
 .data          0x00000000        0x0 c:/program files (x86)/atmel/studio/7.0/toolchain/avr8/avr8-gnu-toolchain/bin/../lib/gcc/avr/5.4.0/../../../../avr/lib/avr5\libc.a(strncpy.o)
 .bss           0x00000000        0x0 c:/program files (x86)/atmel/studio/7.0/toolchain/avr8/avr8-gnu-toolchain/bin/../lib/gcc/avr/5.4.0/../../../../avr/lib/avr5\libc.a(strncpy.o)

Memory Configuration

Name             Origin             Length             Attributes
text             0x00000000         0x00008000         xr
data             0x00800060         0x00000800         rw !x
eeprom           0x00810000         0x00000400         rw !x
fuse             0x00820000         0x00000002         rw !x
lock             0x00830000         0x00000400         rw !x
signature        0x00840000         0x00000400         rw !x
user_signatures  0x00850000         0x00000400         rw !x
*default*        0x00000000         0xffffffff

Linker script and memory map

LOAD C:/Program Files (x86)/Atmel/Studio/7.0/Packs/atmel/ATmega_DFP/1.7.374/gcc/dev/atmega32a/avr5/crtatmega32a.o
LOAD APP/main.o
LOAD HAL/KEYPAD/sources/Keypad.o
LOAD HAL/LCD/sources/Lcd.o
LOAD HAL/LCD/sources/Lcd_cfg.o
LOAD MCAL/ADC/sources/Adc.o
LOAD MCAL/DIO/sources/Dio.o
LOAD MCAL/PORT/sources/PORT.o
LOAD SERVICES/Rtos/croutine.o
LOAD SERVICES/Rtos/heap_1.o
LOAD SERVICES/Rtos/list.o
LOAD SERVICES/Rtos/port.o
LOAD SERVICES/Rtos/queue.o
LOAD SERVICES/Rtos/tasks.o
LOAD SERVICES/Rtos/timers.o
START GROUP
LOAD c:/program files (x86)/atmel/studio/7.0/toolchain/avr8/avr8-gnu-toolchain/bin/../lib/gcc/avr/5.4.0/../../../../avr/lib/avr5\libm.a
END GROUP
START GROUP
LOAD c:/program files (x86)/atmel/studio/7.0/toolchain/avr8/avr8-gnu-toolchain/bin/../lib/gcc/avr/5.4.0/avr5\libgcc.a
LOAD c:/program files (x86)/atmel/studio/7.0/toolchain/avr8/avr8-gnu-toolchain/bin/../lib/gcc/avr/5.4.0/../../../../avr/lib/avr5\libm.a
LOAD c:/program files (x86)/atmel/studio/7.0/toolchain/avr8/avr8-gnu-toolchain/bin/../lib/gcc/avr/5.4.0/../../../../avr/lib/avr5\libc.a
LOAD C:/Program Files (x86)/Atmel/Studio/7.0/Packs/atmel/ATmega_DFP/1.7.374/gcc/dev/atmega32a/avr5\libatmega32a.a
END GROUP
                [0x00000000]                __TEXT_REGION_ORIGIN__ = DEFINED (__TEXT_REGION_ORIGIN__)?__TEXT_REGION_ORIGIN__:0x0
                [0x00800060]                __DATA_REGION_ORIGIN__ = DEFINED (__DATA_REGION_ORIGIN__)?__DATA_REGION_ORIGIN__:0x800060
                [0x00008000]                __TEXT_REGION_LENGTH__ = DEFINED (__TEXT_REGION_LENGTH__)?__TEXT_REGION_LENGTH__:0x20000
                [0x00000800]                __DATA_REGION_LENGTH__ = DEFINED (__DATA_REGION_LENGTH__)?__DATA_REGION_LENGTH__:0xffa0
                [0x00000400]                __EEPROM_REGION_LENGTH__ = DEFINED (__EEPROM_REGION_LENGTH__)?__EEPROM_REGION_LENGTH__:0x10000
                [0x00000002]                __FUSE_REGION_LENGTH__ = DEFINED (__FUSE_REGION_LENGTH__)?__FUSE_REGION_LENGTH__:0x400
                0x00000400                __LOCK_REGION_LENGTH__ = DEFINED (__LOCK_REGION_LENGTH__)?__LOCK_REGION_LENGTH__:0x400
                0x00000400                __SIGNATURE_REGION_LENGTH__ = DEFINED (__SIGNATURE_REGION_LENGTH__)?__SIGNATURE_REGION_LENGTH__:0x400
                0x00000400                __USER_SIGNATURE_REGION_LENGTH__ = DEFINED (__USER_SIGNATURE_REGION_LENGTH__)?__USER_SIGNATURE_REGION_LENGTH__:0x400

.hash
 *(.hash)

.dynsym
 *(.dynsym)

.dynstr
 *(.dynstr)

.gnu.version
 *(.gnu.version)

.gnu.version_d
 *(.gnu.version_d)

.gnu.version_r
 *(.gnu.version_r)

.rel.init
 *(.rel.init)

.rela.init
 *(.rela.init)

.rel.text
 *(.rel.text)
 *(.rel.text.*)
 *(.rel.gnu.linkonce.t*)

.rela.text
 *(.rela.text)
 *(.rela.text.*)
 *(.rela.gnu.linkonce.t*)

.rel.fini
 *(.rel.fini)

.rela.fini
 *(.rela.fini)

.rel.rodata
 *(.rel.rodata)
 *(.rel.rodata.*)
 *(.rel.gnu.linkonce.r*)

.rela.rodata
 *(.rela.rodata)
 *(.rela.rodata.*)
 *(.rela.gnu.linkonce.r*)

.rel.data
 *(.rel.data)
 *(.rel.data.*)
 *(.rel.gnu.linkonce.d*)

.rela.data
 *(.rela.data)
 *(.rela.data.*)
 *(.rela.gnu.linkonce.d*)

.rel.ctors
 *(.rel.ctors)

.rela.ctors
 *(.rela.ctors)

.rel.dtors
 *(.rel.dtors)

.rela.dtors
 *(.rela.dtors)

.rel.got
 *(.rel.got)

.rela.got
 *(.rela.got)

.rel.bss
 *(.rel.bss)

.rela.bss
 *(.rela.bss)

.rel.plt
 *(.rel.plt)

.rela.plt
 *(.rela.plt)

.text           0x00000000     0x21c0
 *(.vectors)
 .vectors       0x00000000       0x54 C:/Program Files (x86)/Atmel/Studio/7.0/Packs/atmel/ATmega_DFP/1.7.374/gcc/dev/atmega32a/avr5/crtatmega32a.o
                0x00000000                __vector_default
                0x00000000                __vectors
 *(.vectors)
 *(.progmem.gcc*)
                0x00000054                . = ALIGN (0x2)
                0x00000054                __trampolines_start = .
 *(.trampolines)
 .trampolines   0x00000054        0x0 linker stubs
 *(.trampolines*)
                0x00000054                __trampolines_end = .
 *libprintf_flt.a:*(.progmem.data)
 *libc.a:*(.progmem.data)
 *(.progmem*)
                0x00000054                . = ALIGN (0x2)
 *(.jumptables)
 *(.jumptables*)
 *(.lowtext)
 *(.lowtext*)
                0x00000054                __ctors_start = .
 *(.ctors)
                0x00000054                __ctors_end = .
                0x00000054                __dtors_start = .
 *(.dtors)
                0x00000054                __dtors_end = .
 SORT(*)(.ctors)
 SORT(*)(.dtors)
 *(.init0)
 .init0         0x00000054        0x0 C:/Program Files (x86)/Atmel/Studio/7.0/Packs/atmel/ATmega_DFP/1.7.374/gcc/dev/atmega32a/avr5/crtatmega32a.o
                0x00000054                __init
 *(.init0)
 *(.init1)
 *(.init1)
 *(.init2)
 .init2         0x00000054        0xc C:/Program Files (x86)/Atmel/Studio/7.0/Packs/atmel/ATmega_DFP/1.7.374/gcc/dev/atmega32a/avr5/crtatmega32a.o
 *(.init2)
 *(.init3)
 *(.init3)
 *(.init4)
 .init4         0x00000060       0x16 c:/program files (x86)/atmel/studio/7.0/toolchain/avr8/avr8-gnu-toolchain/bin/../lib/gcc/avr/5.4.0/avr5\libgcc.a(_copy_data.o)
                0x00000060                __do_copy_data
 .init4         0x00000076       0x10 c:/program files (x86)/atmel/studio/7.0/toolchain/avr8/avr8-gnu-toolchain/bin/../lib/gcc/avr/5.4.0/avr5\libgcc.a(_clear_bss.o)
                0x00000076                __do_clear_bss
 *(.init4)
 *(.init5)
 *(.init5)
 *(.init6)
 *(.init6)
 *(.init7)
 *(.init7)
 *(.init8)
 *(.init8)
 *(.init9)
 .init9         0x00000086        0x8 C:/Program Files (x86)/Atmel/Studio/7.0/Packs/atmel/ATmega_DFP/1.7.374/gcc/dev/atmega32a/avr5/crtatmega32a.o
 *(.init9)
 *(.text)
 .text          0x0000008e        0x4 C:/Program Files (x86)/Atmel/Studio/7.0/Packs/atmel/ATmega_DFP/1.7.374/gcc/dev/atmega32a/avr5/crtatmega32a.o
                0x0000008e                __vector_1
                0x0000008e                __vector_12
                0x0000008e                __bad_interrupt
                0x0000008e                __vector_6
                0x0000008e                __vector_3
                0x0000008e                __vector_11
                0x0000008e                __vector_13
                0x0000008e                __vector_17
                0x0000008e                __vector_19
                0x0000008e                __vector_5
                0x0000008e                __vector_4
                0x0000008e                __vector_9
                0x0000008e                __vector_2
                0x0000008e                __vector_15
                0x0000008e                __vector_8
                0x0000008e                __vector_14
                0x0000008e                __vector_10
                0x0000008e                __vector_18
                0x0000008e                __vector_20
                0x00000092                . = ALIGN (0x2)
 *(.text.*)
 .text.vAppInitCode
                0x00000092       0x54 APP/main.o
                0x00000092                vAppInitCode
 .text.vKPCode  0x000000e6       0xce APP/main.o
                0x000000e6                vKPCode
 .text.vADCCallBack
                0x000001b4       0x56 APP/main.o
                0x000001b4                vADCCallBack
 .text.vLcdControllerCode
                0x0000020a      0x1b2 APP/main.o
                0x0000020a                vLcdControllerCode
 .text.vAppControlCode
                0x000003bc       0x98 APP/main.o
                0x000003bc                vAppControlCode
 .text.main     0x00000454       0xc6 APP/main.o
                0x00000454                main
 .text.KEYPAD_writeRows
                0x0000051a       0x36 HAL/KEYPAD/sources/Keypad.o
 .text.KEYPAD_readCols
                0x00000550       0x98 HAL/KEYPAD/sources/Keypad.o
 .text.KEYPAD_GetKey
                0x000005e8       0x98 HAL/KEYPAD/sources/Keypad.o
                0x000005e8                KEYPAD_GetKey
 .text.LCD_send
                0x00000680       0x7a HAL/LCD/sources/Lcd.o
                0x00000680                LCD_send
 .text.LCD_enu_InitWithOs
                0x000006fa       0x72 HAL/LCD/sources/Lcd.o
                0x000006fa                LCD_enu_InitWithOs
 .text.LCD_writeString
                0x0000076c       0x72 HAL/LCD/sources/Lcd.o
                0x0000076c                LCD_writeString
 .text.LCD_writeNumber
                0x000007de      0x19a HAL/LCD/sources/Lcd.o
                0x000007de                LCD_writeNumber
 .text.LCD_CreateCustomCharacter
                0x00000978       0xc8 HAL/LCD/sources/Lcd.o
                0x00000978                LCD_CreateCustomCharacter
 .text.LCD_GoToXY
                0x00000a40       0xd0 HAL/LCD/sources/Lcd.o
                0x00000a40                LCD_GoToXY
 .text.ADC_voidInit
                0x00000b10       0x32 MCAL/ADC/sources/Adc.o
                0x00000b10                ADC_voidInit
 .text.ADC_enum_setCallBack
                0x00000b42       0x14 MCAL/ADC/sources/Adc.o
                0x00000b42                ADC_enum_setCallBack
 .text.ADC_enum_readValueInterrupt
                0x00000b56       0x24 MCAL/ADC/sources/Adc.o
                0x00000b56                ADC_enum_readValueInterrupt
 .text.__vector_16
                0x00000b7a       0x68 MCAL/ADC/sources/Adc.o
                0x00000b7a                __vector_16
 .text.DIO_enu_WriteChannel
                0x00000be2      0x10e MCAL/DIO/sources/Dio.o
                0x00000be2                DIO_enu_WriteChannel
 .text.DIO_enu_ReadChannel
                0x00000cf0       0x92 MCAL/DIO/sources/Dio.o
                0x00000cf0                DIO_enu_ReadChannel
 .text.PORT_voidInit
                0x00000d82       0x1c MCAL/PORT/sources/PORT.o
                0x00000d82                PORT_voidInit
 .text.pvPortMalloc
                0x00000d9e       0x4c SERVICES/Rtos/heap_1.o
                0x00000d9e                pvPortMalloc
 .text.vPortFree
                0x00000dea        0x2 SERVICES/Rtos/heap_1.o
                0x00000dea                vPortFree
 .text.vListInitialise
                0x00000dec       0x1c SERVICES/Rtos/list.o
                0x00000dec                vListInitialise
 .text.vListInitialiseItem
                0x00000e08        0x8 SERVICES/Rtos/list.o
                0x00000e08                vListInitialiseItem
 .text.vListInsertEnd
                0x00000e10       0x4e SERVICES/Rtos/list.o
                0x00000e10                vListInsertEnd
 .text.vListInsert
                0x00000e5e       0x62 SERVICES/Rtos/list.o
                0x00000e5e                vListInsert
 .text.vListRemove
                0x00000ec0       0x4c SERVICES/Rtos/list.o
                0x00000ec0                vListRemove
 .text.prvSetupTimerInterrupt
                0x00000f0c       0x12 SERVICES/Rtos/port.o
 .text.pxPortInitialiseStack
                0x00000f1e       0xd8 SERVICES/Rtos/port.o
                0x00000f1e                pxPortInitialiseStack
 .text.xPortStartScheduler
                0x00000ff6       0x5e SERVICES/Rtos/port.o
                0x00000ff6                xPortStartScheduler
 .text.vPortYield
                0x00001054       0xb2 SERVICES/Rtos/port.o
                0x00001054                vPortYield
 .text.__vector_7
                0x00001106       0x48 SERVICES/Rtos/port.o
                0x00001106                __vector_7
 .text.prvIsQueueEmpty
                0x0000114e       0x16 SERVICES/Rtos/queue.o
 .text.prvIsQueueFull
                0x00001164       0x18 SERVICES/Rtos/queue.o
 .text.prvCopyDataToQueue
                0x0000117c       0x82 SERVICES/Rtos/queue.o
 .text.prvCopyDataFromQueue
                0x000011fe       0x34 SERVICES/Rtos/queue.o
 .text.prvUnlockQueue
                0x00001232       0x6c SERVICES/Rtos/queue.o
 .text.xQueueCreate
                0x0000129e       0xc0 SERVICES/Rtos/queue.o
                0x0000129e                xQueueCreate
 .text.xQueueGenericSend
                0x0000135e      0x116 SERVICES/Rtos/queue.o
                0x0000135e                xQueueGenericSend
 .text.xQueueGenericReceive
                0x00001474      0x144 SERVICES/Rtos/queue.o
                0x00001474                xQueueGenericReceive
 .text.prvDeleteTCB
                0x000015b8       0x1a SERVICES/Rtos/tasks.o
 .text.prvAllocateTCBAndStack
                0x000015d2       0x5c SERVICES/Rtos/tasks.o
 .text.prvInitialiseTCBVariables
                0x0000162e       0x4a SERVICES/Rtos/tasks.o
 .text.prvInitialiseTaskLists
                0x00001678       0x66 SERVICES/Rtos/tasks.o
 .text.prvAddCurrentTaskToDelayedList
                0x000016de       0x6e SERVICES/Rtos/tasks.o
 .text.xTaskGenericCreate
                0x0000174c      0x17c SERVICES/Rtos/tasks.o
                0x0000174c                xTaskGenericCreate
 .text.vTaskDelete
                0x000018c8       0x96 SERVICES/Rtos/tasks.o
                0x000018c8                vTaskDelete
 .text.vTaskStartScheduler
                0x0000195e       0x56 SERVICES/Rtos/tasks.o
                0x0000195e                vTaskStartScheduler
 .text.vTaskSuspendAll
                0x000019b4        0xc SERVICES/Rtos/tasks.o
                0x000019b4                vTaskSuspendAll
 .text.vTaskIncrementTick
                0x000019c0      0x154 SERVICES/Rtos/tasks.o
                0x000019c0                vTaskIncrementTick
 .text.xTaskResumeAll
                0x00001b14       0xe8 SERVICES/Rtos/tasks.o
                0x00001b14                xTaskResumeAll
 .text.vTaskDelay
                0x00001bfc       0x44 SERVICES/Rtos/tasks.o
                0x00001bfc                vTaskDelay
 .text.prvCheckTasksWaitingTermination
                0x00001c40       0x5a SERVICES/Rtos/tasks.o
 .text.prvIdleTask
                0x00001c9a        0xa SERVICES/Rtos/tasks.o
 .text.vTaskSwitchContext
                0x00001ca4       0xb2 SERVICES/Rtos/tasks.o
                0x00001ca4                vTaskSwitchContext
 .text.vTaskPlaceOnEventList
                0x00001d56       0x3a SERVICES/Rtos/tasks.o
                0x00001d56                vTaskPlaceOnEventList
 .text.xTaskRemoveFromEventList
                0x00001d90       0x8c SERVICES/Rtos/tasks.o
                0x00001d90                xTaskRemoveFromEventList
 .text.vTaskSetTimeOutState
                0x00001e1c       0x16 SERVICES/Rtos/tasks.o
                0x00001e1c                vTaskSetTimeOutState
 .text.xTaskCheckForTimeOut
                0x00001e32       0x6e SERVICES/Rtos/tasks.o
                0x00001e32                xTaskCheckForTimeOut
 .text.vTaskMissedYield
                0x00001ea0        0x8 SERVICES/Rtos/tasks.o
                0x00001ea0                vTaskMissedYield
 .text.avr-libc.fplib
                0x00001ea8       0x5e c:/program files (x86)/atmel/studio/7.0/toolchain/avr8/avr8-gnu-toolchain/bin/../lib/gcc/avr/5.4.0/../../../../avr/lib/avr5\libm.a(fixunssfsi.o)
                0x00001ea8                __fixunssfsi
 .text.avr-libc.fplib
                0x00001f06       0x7a c:/program files (x86)/atmel/studio/7.0/toolchain/avr8/avr8-gnu-toolchain/bin/../lib/gcc/avr/5.4.0/../../../../avr/lib/avr5\libm.a(floatsisf.o)
                0x00001f06                __floatunsisf
                0x00001f0a                __floatsisf
 .text.avr-libc.fplib
                0x00001f80       0x44 c:/program files (x86)/atmel/studio/7.0/toolchain/avr8/avr8-gnu-toolchain/bin/../lib/gcc/avr/5.4.0/../../../../avr/lib/avr5\libm.a(fp_split3.o)
                0x00001f80                __fp_split3
                0x00001f90                __fp_splitA
 .text.avr-libc.fplib
                0x00001fc4        0xe c:/program files (x86)/atmel/studio/7.0/toolchain/avr8/avr8-gnu-toolchain/bin/../lib/gcc/avr/5.4.0/../../../../avr/lib/avr5\libm.a(fp_zero.o)
                0x00001fc4                __fp_zero
                0x00001fc6                __fp_szero
 .text.avr-libc.fplib
                0x00001fd2        0x8 c:/program files (x86)/atmel/studio/7.0/toolchain/avr8/avr8-gnu-toolchain/bin/../lib/gcc/avr/5.4.0/../../../../avr/lib/avr5\libm.a(mulsf3.o)
                0x00001fd2                __mulsf3
 .text.avr-libc.fplib
                0x00001fda       0xd2 c:/program files (x86)/atmel/studio/7.0/toolchain/avr8/avr8-gnu-toolchain/bin/../lib/gcc/avr/5.4.0/../../../../avr/lib/avr5\libm.a(mulsf3x.o)
                0x00001ff8                __mulsf3x
                0x00001ffe                __mulsf3_pse
 .text.avr-libc.fplib
                0x000020ac        0xc c:/program files (x86)/atmel/studio/7.0/toolchain/avr8/avr8-gnu-toolchain/bin/../lib/gcc/avr/5.4.0/../../../../avr/lib/avr5\libm.a(fp_inf.o)
                0x000020ac                __fp_inf
 .text.avr-libc.fplib
                0x000020b8        0x6 c:/program files (x86)/atmel/studio/7.0/toolchain/avr8/avr8-gnu-toolchain/bin/../lib/gcc/avr/5.4.0/../../../../avr/lib/avr5\libm.a(fp_nan.o)
                0x000020b8                __fp_nan
 .text.avr-libc.fplib
                0x000020be        0xe c:/program files (x86)/atmel/studio/7.0/toolchain/avr8/avr8-gnu-toolchain/bin/../lib/gcc/avr/5.4.0/../../../../avr/lib/avr5\libm.a(fp_pscA.o)
                0x000020be                __fp_pscA
 .text.avr-libc.fplib
                0x000020cc        0xe c:/program files (x86)/atmel/studio/7.0/toolchain/avr8/avr8-gnu-toolchain/bin/../lib/gcc/avr/5.4.0/../../../../avr/lib/avr5\libm.a(fp_pscB.o)
                0x000020cc                __fp_pscB
 .text.avr-libc.fplib
                0x000020da       0x22 c:/program files (x86)/atmel/studio/7.0/toolchain/avr8/avr8-gnu-toolchain/bin/../lib/gcc/avr/5.4.0/../../../../avr/lib/avr5\libm.a(fp_round.o)
                0x000020da                __fp_round
 .text.libgcc.div
                0x000020fc       0x44 c:/program files (x86)/atmel/studio/7.0/toolchain/avr8/avr8-gnu-toolchain/bin/../lib/gcc/avr/5.4.0/avr5\libgcc.a(_udivmodsi4.o)
                0x000020fc                __udivmodsi4
 .text.libgcc.div
                0x00002140       0x2e c:/program files (x86)/atmel/studio/7.0/toolchain/avr8/avr8-gnu-toolchain/bin/../lib/gcc/avr/5.4.0/avr5\libgcc.a(_divmodsi4.o)
                0x00002140                __divmodsi4
 .text.libgcc.div
                0x0000216e       0x10 c:/program files (x86)/atmel/studio/7.0/toolchain/avr8/avr8-gnu-toolchain/bin/../lib/gcc/avr/5.4.0/avr5\libgcc.a(_negsi2.o)
                0x0000216e                __negsi2
 .text.avr-libc
                0x0000217e       0x12 c:/program files (x86)/atmel/studio/7.0/toolchain/avr8/avr8-gnu-toolchain/bin/../lib/gcc/avr/5.4.0/../../../../avr/lib/avr5\libc.a(memcpy.o)
                0x0000217e                memcpy
 .text.avr-libc
                0x00002190        0xe c:/program files (x86)/atmel/studio/7.0/toolchain/avr8/avr8-gnu-toolchain/bin/../lib/gcc/avr/5.4.0/../../../../avr/lib/avr5\libc.a(memset.o)
                0x00002190                memset
 .text.avr-libc
                0x0000219e       0x1e c:/program files (x86)/atmel/studio/7.0/toolchain/avr8/avr8-gnu-toolchain/bin/../lib/gcc/avr/5.4.0/../../../../avr/lib/avr5\libc.a(strncpy.o)
                0x0000219e                strncpy
                0x000021bc                . = ALIGN (0x2)
 *(.fini9)
 .fini9         0x000021bc        0x0 c:/program files (x86)/atmel/studio/7.0/toolchain/avr8/avr8-gnu-toolchain/bin/../lib/gcc/avr/5.4.0/avr5\libgcc.a(_exit.o)
                0x000021bc                _exit
                0x000021bc                exit
 *(.fini9)
 *(.fini8)
 *(.fini8)
 *(.fini7)
 *(.fini7)
 *(.fini6)
 *(.fini6)
 *(.fini5)
 *(.fini5)
 *(.fini4)
 *(.fini4)
 *(.fini3)
 *(.fini3)
 *(.fini2)
 *(.fini2)
 *(.fini1)
 *(.fini1)
 *(.fini0)
 .fini0         0x000021bc        0x4 c:/program files (x86)/atmel/studio/7.0/toolchain/avr8/avr8-gnu-toolchain/bin/../lib/gcc/avr/5.4.0/avr5\libgcc.a(_exit.o)
 *(.fini0)
                0x000021c0                _etext = .

.data           0x00800060       0x7a load address 0x000021c0
                0x00800060                PROVIDE (__data_start, .)
 *(.data)
 *(.data*)
 .data.glkeys_  0x00800060       0x10 APP/main.o
                0x00800060                glkeys_
 .data.gl_customCelsius
                0x00800070        0x8 APP/main.o
                0x00800070                gl_customCelsius
 .data.gl_Desired_InitValue
                0x00800078        0x1 APP/main.o
                0x00800078                gl_Desired_InitValue
 .data.loc_u8_inverse.1885
                0x00800079        0x4 HAL/LCD/sources/Lcd.o
 .data.gl_enu_LCD_dataPins
                0x0080007d        0x4 HAL/LCD/sources/Lcd_cfg.o
                0x0080007d                gl_enu_LCD_dataPins
 .data.gl_u8_LCD_initSequence
                0x00800081        0x5 HAL/LCD/sources/Lcd_cfg.o
                0x00800081                gl_u8_LCD_initSequence
 .data.xNextTaskUnblockTime
                0x00800086        0x2 SERVICES/Rtos/tasks.o
 *(.gnu.linkonce.d*)
 *(.rodata)
 *(.rodata*)
 .rodata.str1.1
                0x00800088       0x4c APP/main.o
 .rodata.str1.1
                0x008000d4        0x5 SERVICES/Rtos/tasks.o
 *(.gnu.linkonce.r*)
                0x008000da                . = ALIGN (0x2)
 *fill*         0x008000d9        0x1 
                0x008000da                _edata = .
                0x008000da                PROVIDE (__data_end, .)

.bss            0x008000da      0x46e
                0x008000da                PROVIDE (__bss_start, .)
 *(.bss)
 *(.bss*)
 .bss.xSemaphore
                0x008000da        0x2 APP/main.o
                0x008000da                xSemaphore
 .bss.xQueue1   0x008000dc        0x2 APP/main.o
                0x008000dc                xQueue1
 .bss.xKPHandle
                0x008000de        0x2 APP/main.o
                0x008000de                xKPHandle
 .bss.xAppControlHandle
                0x008000e0        0x2 APP/main.o
                0x008000e0                xAppControlHandle
 .bss.xLcdControllerHandle
                0x008000e2        0x2 APP/main.o
                0x008000e2                xLcdControllerHandle
 .bss.xAppInitHandle
                0x008000e4        0x2 APP/main.o
                0x008000e4                xAppInitHandle
 .bss.gl_kpbuff
                0x008000e6        0x3 APP/main.o
                0x008000e6                gl_kpbuff
 .bss.gl_KP_DONE
                0x008000e9        0x1 APP/main.o
                0x008000e9                gl_KP_DONE
 .bss.gl_Adc_DONE
                0x008000ea        0x1 APP/main.o
                0x008000ea                gl_Adc_DONE
 .bss.gl_Adc_Reading
                0x008000eb        0x2 APP/main.o
                0x008000eb                gl_Adc_Reading
 .bss.loc_u8_nibble.1938
                0x008000ed        0x1 HAL/LCD/sources/Lcd.o
 .bss.sloc_u8_itrator.1895
                0x008000ee        0x1 HAL/LCD/sources/Lcd.o
 .bss.sloc_u8_createState.1894
                0x008000ef        0x1 HAL/LCD/sources/Lcd.o
 .bss.sloc_u8_itartor.1883
                0x008000f0        0x1 HAL/LCD/sources/Lcd.o
 .bss.state.1884
                0x008000f1        0x1 HAL/LCD/sources/Lcd.o
 .bss.sloc_u8_itartor.1877
                0x008000f2        0x1 HAL/LCD/sources/Lcd.o
 .bss.state.1878
                0x008000f3        0x1 HAL/LCD/sources/Lcd.o
 .bss.loc_u8_ApiControl.1871
                0x008000f4        0x1 HAL/LCD/sources/Lcd.o
 .bss.loc_u8_sendControl.1872
                0x008000f5        0x1 HAL/LCD/sources/Lcd.o
 .bss.loc_u8_Control.1861
                0x008000f6        0x1 HAL/LCD/sources/Lcd.o
 .bss.gl_ptr_ADC
                0x008000f7        0x2 MCAL/ADC/sources/Adc.o
                0x008000f7                gl_ptr_ADC
 .bss.gl_u16_ConversionResult
                0x008000f9        0x2 MCAL/ADC/sources/Adc.o
 .bss.xNextFreeByte
                0x008000fb        0x2 SERVICES/Rtos/heap_1.o
 .bss.xHeap     0x008000fd      0x3e8 SERVICES/Rtos/heap_1.o
 .bss.uxTaskNumber
                0x008004e5        0x1 SERVICES/Rtos/tasks.o
 .bss.xNumOfOverflows
                0x008004e6        0x1 SERVICES/Rtos/tasks.o
 .bss.xMissedYield
                0x008004e7        0x1 SERVICES/Rtos/tasks.o
 .bss.uxMissedTicks
                0x008004e8        0x1 SERVICES/Rtos/tasks.o
 .bss.uxSchedulerSuspended
                0x008004e9        0x1 SERVICES/Rtos/tasks.o
 .bss.xSchedulerRunning
                0x008004ea        0x1 SERVICES/Rtos/tasks.o
 .bss.uxTopReadyPriority
                0x008004eb        0x1 SERVICES/Rtos/tasks.o
 .bss.uxTopUsedPriority
                0x008004ec        0x1 SERVICES/Rtos/tasks.o
 .bss.xTickCount
                0x008004ed        0x2 SERVICES/Rtos/tasks.o
 .bss.uxCurrentNumberOfTasks
                0x008004ef        0x1 SERVICES/Rtos/tasks.o
 .bss.uxTasksDeleted
                0x008004f0        0x1 SERVICES/Rtos/tasks.o
 .bss.xTasksWaitingTermination
                0x008004f1        0x9 SERVICES/Rtos/tasks.o
 .bss.xPendingReadyList
                0x008004fa        0x9 SERVICES/Rtos/tasks.o
 .bss.pxOverflowDelayedTaskList
                0x00800503        0x2 SERVICES/Rtos/tasks.o
 .bss.pxDelayedTaskList
                0x00800505        0x2 SERVICES/Rtos/tasks.o
 .bss.xDelayedTaskList2
                0x00800507        0x9 SERVICES/Rtos/tasks.o
 .bss.xDelayedTaskList1
                0x00800510        0x9 SERVICES/Rtos/tasks.o
 .bss.pxReadyTasksLists
                0x00800519       0x2d SERVICES/Rtos/tasks.o
 .bss.pxCurrentTCB
                0x00800546        0x2 SERVICES/Rtos/tasks.o
                0x00800546                pxCurrentTCB
 *(COMMON)
                0x00800548                PROVIDE (__bss_end, .)
                0x000021c0                __data_load_start = LOADADDR (.data)
                0x0000223a                __data_load_end = (__data_load_start + SIZEOF (.data))

.noinit         0x00800548        0x0
                [!provide]                PROVIDE (__noinit_start, .)
 *(.noinit*)
                [!provide]                PROVIDE (__noinit_end, .)
                0x00800548                _end = .
                [!provide]                PROVIDE (__heap_start, .)

.eeprom         0x00810000        0x0
 *(.eeprom*)
                0x00810000                __eeprom_end = .

.fuse
 *(.fuse)
 *(.lfuse)
 *(.hfuse)
 *(.efuse)

.lock
 *(.lock*)

.signature
 *(.signature*)

.user_signatures
 *(.user_signatures*)

.stab
 *(.stab)

.stabstr
 *(.stabstr)

.stab.excl
 *(.stab.excl)

.stab.exclstr
 *(.stab.exclstr)

.stab.index
 *(.stab.index)

.stab.indexstr
 *(.stab.indexstr)

.comment        0x00000000       0x30
 *(.comment)
 .comment       0x00000000       0x30 APP/main.o
                                 0x31 (size before relaxing)
 .comment       0x00000030       0x31 HAL/KEYPAD/sources/Keypad.o
 .comment       0x00000030       0x31 HAL/LCD/sources/Lcd.o
 .comment       0x00000030       0x31 HAL/LCD/sources/Lcd_cfg.o
 .comment       0x00000030       0x31 MCAL/ADC/sources/Adc.o
 .comment       0x00000030       0x31 MCAL/DIO/sources/Dio.o
 .comment       0x00000030       0x31 MCAL/PORT/sources/PORT.o
 .comment       0x00000030       0x31 SERVICES/Rtos/heap_1.o
 .comment       0x00000030       0x31 SERVICES/Rtos/list.o
 .comment       0x00000030       0x31 SERVICES/Rtos/port.o
 .comment       0x00000030       0x31 SERVICES/Rtos/queue.o
 .comment       0x00000030       0x31 SERVICES/Rtos/tasks.o

.note.gnu.avr.deviceinfo
                0x00000000       0x3c
 .note.gnu.avr.deviceinfo
                0x00000000       0x3c C:/Program Files (x86)/Atmel/Studio/7.0/Packs/atmel/ATmega_DFP/1.7.374/gcc/dev/atmega32a/avr5/crtatmega32a.o

.note.gnu.build-id
 *(.note.gnu.build-id)

.debug
 *(.debug)

.line
 *(.line)

.debug_srcinfo
 *(.debug_srcinfo)

.debug_sfnames
 *(.debug_sfnames)

.debug_aranges  0x00000000      0x410
 *(.debug_aranges)
 .debug_aranges
                0x00000000       0x48 APP/main.o
 .debug_aranges
                0x00000048       0x30 HAL/KEYPAD/sources/Keypad.o
 .debug_aranges
                0x00000078       0x88 HAL/LCD/sources/Lcd.o
 .debug_aranges
                0x00000100       0x18 HAL/LCD/sources/Lcd_cfg.o
 .debug_aranges
                0x00000118       0x48 MCAL/ADC/sources/Adc.o
 .debug_aranges
                0x00000160       0x48 MCAL/DIO/sources/Dio.o
 .debug_aranges
                0x000001a8       0x30 MCAL/PORT/sources/PORT.o
 .debug_aranges
                0x000001d8       0x38 SERVICES/Rtos/heap_1.o
 .debug_aranges
                0x00000210       0x40 SERVICES/Rtos/list.o
 .debug_aranges
                0x00000250       0x50 SERVICES/Rtos/port.o
 .debug_aranges
                0x000002a0       0x90 SERVICES/Rtos/queue.o
 .debug_aranges
                0x00000330       0xe0 SERVICES/Rtos/tasks.o

.debug_pubnames
 *(.debug_pubnames)

.debug_info     0x00000000     0x52ad
 *(.debug_info .gnu.linkonce.wi.*)
 .debug_info    0x00000000      0x4e6 C:/Program Files (x86)/Atmel/Studio/7.0/Packs/atmel/ATmega_DFP/1.7.374/gcc/dev/atmega32a/avr5/crtatmega32a.o
 .debug_info    0x000004e6      0xca7 APP/main.o
 .debug_info    0x0000118d      0x3c2 HAL/KEYPAD/sources/Keypad.o
 .debug_info    0x0000154f      0xe9c HAL/LCD/sources/Lcd.o
 .debug_info    0x000023eb      0x1ac HAL/LCD/sources/Lcd_cfg.o
 .debug_info    0x00002597      0x273 MCAL/ADC/sources/Adc.o
 .debug_info    0x0000280a      0x419 MCAL/DIO/sources/Dio.o
 .debug_info    0x00002c23      0x2e9 MCAL/PORT/sources/PORT.o
 .debug_info    0x00002f0c      0x1a7 SERVICES/Rtos/heap_1.o
 .debug_info    0x000030b3      0x2c1 SERVICES/Rtos/list.o
 .debug_info    0x00003374      0x229 SERVICES/Rtos/port.o
 .debug_info    0x0000359d      0xc09 SERVICES/Rtos/queue.o
 .debug_info    0x000041a6     0x1107 SERVICES/Rtos/tasks.o

.debug_abbrev   0x00000000     0x156d
 *(.debug_abbrev)
 .debug_abbrev  0x00000000      0x4a3 C:/Program Files (x86)/Atmel/Studio/7.0/Packs/atmel/ATmega_DFP/1.7.374/gcc/dev/atmega32a/avr5/crtatmega32a.o
 .debug_abbrev  0x000004a3      0x1c5 APP/main.o
 .debug_abbrev  0x00000668      0x109 HAL/KEYPAD/sources/Keypad.o
 .debug_abbrev  0x00000771      0x281 HAL/LCD/sources/Lcd.o
 .debug_abbrev  0x000009f2       0x7b HAL/LCD/sources/Lcd_cfg.o
 .debug_abbrev  0x00000a6d      0x117 MCAL/ADC/sources/Adc.o
 .debug_abbrev  0x00000b84      0x129 MCAL/DIO/sources/Dio.o
 .debug_abbrev  0x00000cad       0xef MCAL/PORT/sources/PORT.o
 .debug_abbrev  0x00000d9c      0x136 SERVICES/Rtos/heap_1.o
 .debug_abbrev  0x00000ed2       0xf6 SERVICES/Rtos/list.o
 .debug_abbrev  0x00000fc8      0x15d SERVICES/Rtos/port.o
 .debug_abbrev  0x00001125      0x1ed SERVICES/Rtos/queue.o
 .debug_abbrev  0x00001312      0x25b SERVICES/Rtos/tasks.o

.debug_line     0x00000000     0x2db1
 *(.debug_line .debug_line.* .debug_line_end)
 .debug_line    0x00000000      0x116 C:/Program Files (x86)/Atmel/Studio/7.0/Packs/atmel/ATmega_DFP/1.7.374/gcc/dev/atmega32a/avr5/crtatmega32a.o
 .debug_line    0x00000116      0x482 APP/main.o
 .debug_line    0x00000598      0x1b9 HAL/KEYPAD/sources/Keypad.o
 .debug_line    0x00000751      0x7d3 HAL/LCD/sources/Lcd.o
 .debug_line    0x00000f24       0x8a HAL/LCD/sources/Lcd_cfg.o
 .debug_line    0x00000fae      0x1d2 MCAL/ADC/sources/Adc.o
 .debug_line    0x00001180      0x402 MCAL/DIO/sources/Dio.o
 .debug_line    0x00001582      0x386 MCAL/PORT/sources/PORT.o
 .debug_line    0x00001908      0x13d SERVICES/Rtos/heap_1.o
 .debug_line    0x00001a45      0x17e SERVICES/Rtos/list.o
 .debug_line    0x00001bc3      0x2aa SERVICES/Rtos/port.o
 .debug_line    0x00001e6d      0x616 SERVICES/Rtos/queue.o
 .debug_line    0x00002483      0x92e SERVICES/Rtos/tasks.o

.debug_frame    0x00000000      0xab4
 *(.debug_frame)
 .debug_frame   0x00000000       0x84 APP/main.o
 .debug_frame   0x00000084       0x84 HAL/KEYPAD/sources/Keypad.o
 .debug_frame   0x00000108      0x194 HAL/LCD/sources/Lcd.o
 .debug_frame   0x0000029c       0xbc MCAL/ADC/sources/Adc.o
 .debug_frame   0x00000358       0x74 MCAL/DIO/sources/Dio.o
 .debug_frame   0x000003cc       0x44 MCAL/PORT/sources/PORT.o
 .debug_frame   0x00000410       0x60 SERVICES/Rtos/heap_1.o
 .debug_frame   0x00000470       0x7c SERVICES/Rtos/list.o
 .debug_frame   0x000004ec       0xcc SERVICES/Rtos/port.o
 .debug_frame   0x000005b8      0x1ec SERVICES/Rtos/queue.o
 .debug_frame   0x000007a4      0x310 SERVICES/Rtos/tasks.o

.debug_str      0x00000000     0x1c69
 *(.debug_str)
 .debug_str     0x00000000      0x196 C:/Program Files (x86)/Atmel/Studio/7.0/Packs/atmel/ATmega_DFP/1.7.374/gcc/dev/atmega32a/avr5/crtatmega32a.o
 .debug_str     0x00000196      0x7d7 APP/main.o
                                0x82a (size before relaxing)
 .debug_str     0x0000096d       0x9d HAL/KEYPAD/sources/Keypad.o
                                0x4be (size before relaxing)
 .debug_str     0x00000a0a      0x297 HAL/LCD/sources/Lcd.o
                                0x736 (size before relaxing)
 .debug_str     0x00000ca1       0x1d HAL/LCD/sources/Lcd_cfg.o
                                0x3c6 (size before relaxing)
 .debug_str     0x00000cbe      0x10a MCAL/ADC/sources/Adc.o
                                0x349 (size before relaxing)
 .debug_str     0x00000dc8      0x20e MCAL/DIO/sources/Dio.o
                                0x5e5 (size before relaxing)
 .debug_str     0x00000fd6      0x204 MCAL/PORT/sources/PORT.o
                                0x520 (size before relaxing)
 .debug_str     0x000011da       0xc5 SERVICES/Rtos/heap_1.o
                                0x225 (size before relaxing)
 .debug_str     0x0000129f      0x136 SERVICES/Rtos/list.o
                                0x28d (size before relaxing)
 .debug_str     0x000013d5      0x110 SERVICES/Rtos/port.o
                                0x28a (size before relaxing)
 .debug_str     0x000014e5      0x32e SERVICES/Rtos/queue.o
                                0x5e3 (size before relaxing)
 .debug_str     0x00001813      0x456 SERVICES/Rtos/tasks.o
                                0x885 (size before relaxing)

.debug_loc      0x00000000     0x4171
 *(.debug_loc)
 .debug_loc     0x00000000      0x3d9 APP/main.o
 .debug_loc     0x000003d9      0x1bf HAL/KEYPAD/sources/Keypad.o
 .debug_loc     0x00000598      0xf60 HAL/LCD/sources/Lcd.o
 .debug_loc     0x000014f8      0x1fa MCAL/ADC/sources/Adc.o
 .debug_loc     0x000016f2      0x59c MCAL/DIO/sources/Dio.o
 .debug_loc     0x00001c8e      0x4ff MCAL/PORT/sources/PORT.o
 .debug_loc     0x0000218d       0xf1 SERVICES/Rtos/heap_1.o
 .debug_loc     0x0000227e       0xfe SERVICES/Rtos/list.o
 .debug_loc     0x0000237c      0x36b SERVICES/Rtos/port.o
 .debug_loc     0x000026e7      0xbb2 SERVICES/Rtos/queue.o
 .debug_loc     0x00003299      0xed8 SERVICES/Rtos/tasks.o

.debug_macinfo
 *(.debug_macinfo)

.debug_weaknames
 *(.debug_weaknames)

.debug_funcnames
 *(.debug_funcnames)

.debug_typenames
 *(.debug_typenames)

.debug_varnames
 *(.debug_varnames)

.debug_pubtypes
 *(.debug_pubtypes)

.debug_ranges   0x00000000      0x360
 *(.debug_ranges)
 .debug_ranges  0x00000000       0x38 APP/main.o
 .debug_ranges  0x00000038       0x20 HAL/KEYPAD/sources/Keypad.o
 .debug_ranges  0x00000058       0x78 HAL/LCD/sources/Lcd.o
 .debug_ranges  0x000000d0       0x38 MCAL/ADC/sources/Adc.o
 .debug_ranges  0x00000108       0x38 MCAL/DIO/sources/Dio.o
 .debug_ranges  0x00000140       0x20 MCAL/PORT/sources/PORT.o
 .debug_ranges  0x00000160       0x28 SERVICES/Rtos/heap_1.o
 .debug_ranges  0x00000188       0x30 SERVICES/Rtos/list.o
 .debug_ranges  0x000001b8       0x40 SERVICES/Rtos/port.o
 .debug_ranges  0x000001f8       0x80 SERVICES/Rtos/queue.o
 .debug_ranges  0x00000278       0xe8 SERVICES/Rtos/tasks.o

.debug_macro
 *(.debug_macro)
OUTPUT(Rtos.elf elf32-avr)
LOAD linker stubs
